I0304 21:39:16.654852   26380 cmdline.go:66] read configuration from config\settings.yaml
I0304 21:39:16.658694   26380 cmdline.go:76] reading services from config/services.yaml
I0304 21:39:16.660251   26380 cmdline.go:86] reading users from config/users.yaml
I0304 21:39:16.660251   26380 cmdline.go:95] reading timeslots from config/availability.yaml
I0304 21:39:16.660251   26380 main.go:42] syncing 2 users into domain store
I0304 21:39:16.660251   26380 main.go:48] syncing 2 services into domain store
I0304 21:39:16.663359   26380 main.go:54] syncing 3 timeslots into domain store
I0304 21:39:16.667944   26380 main.go:72] schedio listening on 0.0.0.0:80
I0304 21:39:18.526219   26380 middleware.go:46] GET      /healthz                                           200  0s  [::1]:64482
I0304 21:39:18.527391   26380 middleware.go:79] 
┌─ REQUEST  GET /healthz HTTP/1.1
│  User-Agent: Mozilla/5.0 (Windows NT; Windows NT 10.0; en-US) WindowsPowerShell/5.1.19041.6926
├─ RESPONSE 200
├─ RSP BODY (2 bytes)
│  │  ok
└─
I0304 21:39:28.228445   26380 middleware.go:46] GET      /admin/api/v1/settings                             200  0s  [::1]:64482
I0304 21:39:28.229745   26380 middleware.go:79] 
┌─ REQUEST  GET /admin/api/v1/settings HTTP/1.1
│  User-Agent: Mozilla/5.0 (Windows NT; Windows NT 10.0; en-US) WindowsPowerShell/5.1.19041.6926
├─ RESPONSE 200
│  Content-Type: application/json; charset=utf-8
├─ RSP BODY (172 bytes)
│  │  {"no_show_deadline_hours":24,"retention_period_days":30,"reminder_lead_time_days":1,"currency":"EUR","appointment_location":"","sender_name":"Physiotherapie Antje Martin"}
│  
└─
I0304 21:39:28.238456   26380 middleware.go:46] PROPFIND /.well-known/caldav                                301  0s  [::1]:64482
I0304 21:39:28.272334   26380 middleware.go:79] 
┌─ REQUEST  PROPFIND /.well-known/caldav HTTP/1.1
│  Depth: 0
│  Content-Type: application/xml; charset=utf-8
│  Content-Length: 90
├─ RESPONSE 301
│  Location: /caldav/
├─ REQ BODY (90 bytes)
│  │  <?xml version="1.0" encoding="UTF-8"?><A:propfind xmlns:A="DAV:"><A:allprop/></A:propfind>
└─
I0304 21:39:28.286463   26380 middleware.go:46] PROPFIND /                                                  207  0s  [::1]:64482
I0304 21:39:28.307705   26380 middleware.go:79] 
┌─ REQUEST  PROPFIND / HTTP/1.1
│  Depth: 0
│  Content-Type: application/xml; charset=utf-8
│  Content-Length: 90
├─ RESPONSE 207
│  Dav: 1, 2, calendar-access
│  Content-Type: application/xml; charset=utf-8
├─ REQ BODY (90 bytes)
│  │  <?xml version="1.0" encoding="UTF-8"?><A:propfind xmlns:A="DAV:"><A:allprop/></A:propfind>
├─ RSP BODY (459 bytes)
│  │  <?xml version="1.0" encoding="UTF-8"?>
│  <d:multistatus xmlns:d="DAV:" xmlns:c="urn:ietf:params:xml:ns:caldav">
│    <d:response>
│      <d:href>/</d:href>
│      <d:propstat>
│        <d:prop>
│          <d:current-user-principal>
│            <d:href>/caldav/user/</d:href>
│          </d:current-user-principal>
│          <d:resourcetype><d:collection/></d:resourcetype>
│        </d:prop>
│        <d:status>HTTP/1.1 200 OK</d:status>
│      </d:propstat>
│    </d:response>
│  </d:multistatus>
│  
└─
I0304 21:39:28.318105   26380 principal.go:48] caldav/noauth: injecting principal "antje.neuss@gmx.de" (no credentials required)
I0304 21:39:28.327688   26380 availability_store.go:157] caldav/avail: viewableAvailCalendars: principal="antje.neuss@gmx.de" role=staff id="u0000000-0000-4000-8000-000000000001"
I0304 21:39:28.328231   26380 availability_store.go:171] caldav/avail: viewableAvailCalendars: staff → 1 avail calendar (own)
I0304 21:39:28.338308   26380 availability_store.go:243] caldav/avail: ListCalendars: base=1 avail=1 total=2
I0304 21:39:28.343057   26380 availability_store.go:245]   calendar id="default" name="Default Calendar"
I0304 21:39:28.344027   26380 availability_store.go:245]   calendar id="avail-u0000000-0000-4000-8000-000000000001" name="Availability – Antje Martin"
I0304 21:39:28.344172   26380 middleware.go:46] PROPFIND /caldav/user/                                      207  26ms  [::1]:64482
I0304 21:39:28.345285   26380 middleware.go:79] 
┌─ REQUEST  PROPFIND /caldav/user/ HTTP/1.1
│  Depth: 0
│  Content-Type: application/xml; charset=utf-8
│  Content-Length: 90
├─ RESPONSE 207
│  Content-Type: application/xml; charset=utf-8
│  Dav: 1, 2, calendar-access, calendar-auto-schedule
├─ REQ BODY (90 bytes)
│  │  <?xml version="1.0" encoding="UTF-8"?><A:propfind xmlns:A="DAV:"><A:allprop/></A:propfind>
├─ RSP BODY (1954 bytes)
│  │  <?xml version="1.0" encoding="UTF-8"?>
│  <d:multistatus xmlns:d="DAV:" xmlns:c="urn:ietf:params:xml:ns:caldav">
│  	<d:response>
│  		<d:href>/caldav/user/</d:href>
│  		<d:propstat>
│  			<d:prop>
│  				<d:supported-report-set>
│  					<d:supported-report><d:report><d:expand-property/></d:report></d:supported-report>
│  					<d:supported-report><d:report><d:principal-match/></d:report></d:supported-report>
│  					<d:supported-report><d:report><d:principal-property-search/></d:report></d:supported-report>
│  					<d:supported-report><d:report><d:principal-search-property-set/></d:report></d:supported-report>
│  				</d:supported-report-set>
│  				<d:current-user-principal>
│  					<d:href>/caldav/user/</d:href>
│  				</d:current-user-principal>
│  				<c:calendar-home-set>
│  					<d:href>/caldav/user/calendars/</d:href>
│  				</c:calendar-home-set>
│  				<c:calendar-user-address-set>
│  				<d:href>mailto:antje.neuss@gmx.de</d:href>
│  				</c:calendar-user-address-set>
│  				<c:calendar-user-type>INDIVIDUAL</c:calendar-user-type>
│  				<c:schedule-default-calendar-URL><d:href>/caldav/user/calendars/default/</d:href></c:schedule-default-calendar-URL>
│  				<c:schedule-inbox-URL>
│  					<d:href>/caldav/user/inbox/</d:href>
│  				</c:schedule-inbox-URL>
│  				<c:schedule-outbox-URL>
│  					<d:href>/caldav/user/outbox/</d:href>
│  				</c:schedule-outbox-URL>
│  				<d:resourcetype><d:collection/><d:principal/></d:resourcetype>
│  				<d:displayname>Antje Martin</d:displayname>
│  				<d:current-user-privilege-set>
│  					<d:privilege><d:read/></d:privilege>
│  					<d:privilege><d:write/></d:privilege>
│  					<d:privilege><d:write-properties/></d:privilege>
│  					<d:privilege><d:write-content/></d:privilege>
│  					<d:privilege><d:read-acl/></d:privilege>
│  					<d:privilege><d:read-current-user-privilege-set/></d:privilege>
│  					<d:privilege><c:read-free-busy/></d:privilege>
│  				</d:current-user-privilege-set>
│  			</d:prop>
│  			<d:status>HTTP/1.1 200 OK</d:status>
│  		</d:propstat>
│  	</d:response>
│  </d:multistatus>
│  
└─
I0304 21:39:28.365395   26380 principal.go:48] caldav/noauth: injecting principal "antje.neuss@gmx.de" (no credentials required)
I0304 21:39:28.384282   26380 availability_store.go:157] caldav/avail: viewableAvailCalendars: principal="antje.neuss@gmx.de" role=staff id="u0000000-0000-4000-8000-000000000001"
I0304 21:39:28.384282   26380 availability_store.go:171] caldav/avail: viewableAvailCalendars: staff → 1 avail calendar (own)
I0304 21:39:28.384828   26380 availability_store.go:243] caldav/avail: ListCalendars: base=1 avail=1 total=2
I0304 21:39:28.385401   26380 availability_store.go:245]   calendar id="default" name="Default Calendar"
I0304 21:39:28.385954   26380 availability_store.go:245]   calendar id="avail-u0000000-0000-4000-8000-000000000001" name="Availability – Antje Martin"
I0304 21:39:28.386508   26380 availability_store.go:145] caldav/avail: canAccessAvailCal ownerID="u0000000-0000-4000-8000-000000000001" principal="antje.neuss@gmx.de" role=staff → true
I0304 21:39:28.387095   26380 middleware.go:46] PROPFIND /caldav/user/calendars/                            207  22ms  [::1]:64482
I0304 21:39:28.387654   26380 middleware.go:79] 
┌─ REQUEST  PROPFIND /caldav/user/calendars/ HTTP/1.1
│  Depth: 1
│  Content-Type: application/xml; charset=utf-8
│  Content-Length: 90
├─ RESPONSE 207
│  Dav: 1, 2, calendar-access, calendar-auto-schedule
│  Content-Type: application/xml; charset=utf-8
├─ REQ BODY (90 bytes)
│  │  <?xml version="1.0" encoding="UTF-8"?><A:propfind xmlns:A="DAV:"><A:allprop/></A:propfind>
├─ RSP BODY (5695 bytes)
│  │  <?xml version="1.0" encoding="UTF-8"?>
│  <d:multistatus xmlns:d="DAV:" xmlns:cal="urn:ietf:params:xml:ns:caldav" xmlns:cs="http://calendarserver.org/ns/" xmlns:s="http://sabredav.org/ns"><d:response>
│  	<d:href>/caldav/user/calendars/</d:href>
│  	<d:propstat>
│  		<d:prop>
│  			<d:resourcetype><d:collection/></d:resourcetype>
│  			<d:supported-report-set>
│  				<d:supported-report><d:report><d:expand-property/></d:report></d:supported-report>
│  				<d:supported-report><d:report><d:principal-match/></d:report></d:supported-report>
│  				<d:supported-report><d:report><d:principal-property-search/></d:report></d:supported-report>
│  				<d:supported-report><d:report><d:principal-search-property-set/></d:report></d:supported-report>
│  				<d:supported-report><d:report><d:sync-collection/></d:report></d:supported-report>
│  			</d:supported-report-set>
│  			<cal:schedule-default-calendar-URL><d:href>/caldav/user/calendars/default/</d:href></cal:schedule-default-calendar-URL>
│  		</d:prop>
│  		<d:status>HTTP/1.1 200 OK</d:status>
│  	</d:propstat>
│  </d:response><d:response>
│  	<d:href>/caldav/user/calendars/default/</d:href>
│  	<d:propstat>
│  		<d:prop>
│  			<d:resourcetype><d:collection/><cal:calendar/></d:resourcetype>
│  			<d:supported-report-set>
│  				<d:supported-report><d:report><d:expand-property/></d:report></d:supported-report>
│  				<d:supported-report><d:report><d:principal-match/></d:report></d:supported-report>
│  				<d:supported-report><d:report><d:principal-property-search/></d:report></d:supported-report>
│  				<d:supported-report><d:report><d:principal-search-property-set/></d:report></d:supported-report>
│  				<d:supported-report><d:report><d:sync-collection/></d:report></d:supported-report>
│  				<d:supported-report><d:report><cal:calendar-multiget/></d:report></d:supported-report>
│  				<d:supported-report><d:report><cal:calendar-query/></d:report></d:supported-report>
│  				<d:supported-report><d:report><cal:free-busy-query/></d:report></d:supported-report>
│  			</d:supported-report-set>
│  			<cs:getctag>32f2928ad8f9cc3c</cs:getctag>
│  			<s:sync-token>32f2928ad8f9cc3c</s:sync-token>
│  			<cal:supported-calendar-component-set>
│  				<cal:comp name="VEVENT"/>
│  			</cal:supported-calendar-component-set>
│  			<cal:schedule-calendar-transp><cal:opaque/></cal:schedule-calendar-transp>
│  			<d:displayname>Default Calendar</d:displayname>
│  			<cal:calendar-description>schedio default calendar</cal:calendar-description>
│  			<cal:calendar-timezone>UTC</cal:calendar-timezone>
│  			<x1:calendar-order xmlns:x1="http://apple.com/ns/ical/">0</x1:calendar-order>
│  			<x1:calendar-color xmlns:x1="http://apple.com/ns/ical/"></x1:calendar-color>
│  			<d:current-user-privilege-set>
│  				<d:privilege><d:read/></d:privilege>
│  				<d:privilege><d:write/></d:privilege>
│  				<d:privilege><d:write-properties/></d:privilege>
│  				<d:privilege><d:write-content/></d:privilege>
│  				<d:privilege><cal:read-free-busy/></d:privilege>
│  			</d:current-user-privilege-set>
│  		</d:prop>
│  		<d:status>HTTP/1.1 200 OK</d:status>
│  	</d:propstat>
│  </d:response><d:response>
│  	<d:href>/caldav/user/calendars/avail-u0000000-0000-4000-8000-000000000001/</d:href>
│  	<d:propstat>
│  		<d:prop>
│  			<d:resourcetype><d:collection/><cal:calendar/></d:resourcetype>
│  			<d:supported-report-set>
│  				<d:supported-report><d:report><d:expand-property/></d:report></d:supported-report>
│  				<d:supported-report><d:report><d:principal-match/></d:report></d:supported-report>
│  				<d:supported-report><d:report><d:principal-property-search/></d:report></d:supported-report>
│  				<d:supported-report><d:report><d:principal-search-property-set/></d:report></d:supported-report>
│  				<d:supported-report><d:report><d:sync-collection/></d:report></d:supported-report>
│  				<d:supported-report><d:report><cal:calendar-multiget/></d:report></d:supported-report>
│  				<d:supported-report><d:report><cal:calendar-query/></d:report></d:supported-report>
│  				<d:supported-report><d:report><cal:free-busy-query/></d:report></d:supported-report>
│  			</d:supported-report-set>
│  			<cs:getctag>59bbc83815419693</cs:getctag>
│  			<s:sync-token>59bbc83815419693</s:sync-token>
│  			<cal:supported-calendar-compon
│  …(truncated)
└─
I0304 21:39:28.399451   26380 principal.go:48] caldav/noauth: injecting principal "antje.neuss@gmx.de" (no credentials required)
I0304 21:39:28.433203   26380 middleware.go:46] PROPFIND /caldav/user/calendars/default/                    207  34ms  [::1]:64482
I0304 21:39:28.439178   26380 middleware.go:79] 
┌─ REQUEST  PROPFIND /caldav/user/calendars/default/ HTTP/1.1
│  Content-Type: application/xml; charset=utf-8
│  Content-Length: 90
│  Depth: 0
├─ RESPONSE 207
│  Dav: 1, 2, calendar-access, calendar-auto-schedule
│  Content-Type: application/xml; charset=utf-8
├─ REQ BODY (90 bytes)
│  │  <?xml version="1.0" encoding="UTF-8"?><A:propfind xmlns:A="DAV:"><A:allprop/></A:propfind>
├─ RSP BODY (1951 bytes)
│  │  <?xml version="1.0" encoding="UTF-8"?>
│  <d:multistatus xmlns:d="DAV:" xmlns:cal="urn:ietf:params:xml:ns:caldav">
│  	<d:response>
│  		<d:href>/caldav/user/calendars/default/</d:href>
│  		<d:propstat>
│  			<d:prop>
│  				<d:resourcetype><d:collection/><cal:calendar/></d:resourcetype>
│  				<d:supported-report-set>
│  					<d:supported-report><d:report><d:expand-property/></d:report></d:supported-report>
│  					<d:supported-report><d:report><d:principal-match/></d:report></d:supported-report>
│  					<d:supported-report><d:report><d:principal-property-search/></d:report></d:supported-report>
│  					<d:supported-report><d:report><d:principal-search-property-set/></d:report></d:supported-report>
│  					<d:supported-report><d:report><d:sync-collection/></d:report></d:supported-report>
│  					<d:supported-report><d:report><cal:calendar-multiget/></d:report></d:supported-report>
│  					<d:supported-report><d:report><cal:calendar-query/></d:report></d:supported-report>
│  					<d:supported-report><d:report><cal:free-busy-query/></d:report></d:supported-report>
│  				</d:supported-report-set>
│  				<d:displayname>Default Calendar</d:displayname>
│  				<cal:calendar-description>schedio default calendar</cal:calendar-description>
│  				<cal:supported-calendar-component-set>
│  					<cal:comp name="VEVENT"/>
│  				</cal:supported-calendar-component-set>
│  				<cal:supported-calendar-data>
│  					<cal:calendar-data content-type="text/calendar" version="2.0"/>
│  				</cal:supported-calendar-data>
│  				<cal:schedule-calendar-transp><cal:opaque/></cal:schedule-calendar-transp>
│  				<d:current-user-privilege-set>
│  					<d:privilege><d:read/></d:privilege>
│  					<d:privilege><d:write/></d:privilege>
│  					<d:privilege><d:write-properties/></d:privilege>
│  					<d:privilege><d:write-content/></d:privilege>
│  					<d:privilege><cal:read-free-busy/></d:privilege>
│  				</d:current-user-privilege-set>
│  			</d:prop>
│  			<d:status>HTTP/1.1 200 OK</d:status>
│  		</d:propstat>
│  	</d:response>
│  </d:multistatus>
│  
└─
I0304 21:39:28.483790   26380 middleware.go:46] PUT      /admin/api/v1/settings                             200  0s  [::1]:64482
I0304 21:39:28.488226   26380 middleware.go:79] 
┌─ REQUEST  PUT /admin/api/v1/settings HTTP/1.1
│  Content-Length: 52
│  User-Agent: Mozilla/5.0 (Windows NT; Windows NT 10.0; en-US) WindowsPowerShell/5.1.19041.6926
│  Content-Type: application/json
├─ RESPONSE 200
│  Content-Type: application/json; charset=utf-8
├─ REQ BODY (52 bytes)
│  │  {"default_calendar_name":"Buchungen - Antje Martin"}
├─ RSP BODY (223 bytes)
│  │  {"no_show_deadline_hours":24,"retention_period_days":30,"reminder_lead_time_days":1,"currency":"EUR","appointment_location":"","sender_name":"Physiotherapie Antje Martin","default_calendar_name":"Buchungen - Antje Martin"}
│  
└─
I0304 21:39:28.526761   26380 principal.go:48] caldav/noauth: injecting principal "antje.neuss@gmx.de" (no credentials required)
I0304 21:39:28.555562   26380 availability_store.go:157] caldav/avail: viewableAvailCalendars: principal="antje.neuss@gmx.de" role=staff id="u0000000-0000-4000-8000-000000000001"
I0304 21:39:28.571761   26380 availability_store.go:171] caldav/avail: viewableAvailCalendars: staff → 1 avail calendar (own)
I0304 21:39:28.583481   26380 availability_store.go:243] caldav/avail: ListCalendars: base=1 avail=1 total=2
I0304 21:39:28.587824   26380 availability_store.go:245]   calendar id="default" name="Buchungen - Antje Martin"
I0304 21:39:28.588370   26380 availability_store.go:245]   calendar id="avail-u0000000-0000-4000-8000-000000000001" name="Availability – Antje Martin"
I0304 21:39:28.588892   26380 availability_store.go:145] caldav/avail: canAccessAvailCal ownerID="u0000000-0000-4000-8000-000000000001" principal="antje.neuss@gmx.de" role=staff → true
I0304 21:39:28.589465   26380 middleware.go:46] PROPFIND /caldav/user/calendars/                            207  63ms  [::1]:64482
I0304 21:39:28.590008   26380 middleware.go:79] 
┌─ REQUEST  PROPFIND /caldav/user/calendars/ HTTP/1.1
│  Depth: 1
│  Content-Type: application/xml; charset=utf-8
│  Content-Length: 90
├─ RESPONSE 207
│  Dav: 1, 2, calendar-access, calendar-auto-schedule
│  Content-Type: application/xml; charset=utf-8
├─ REQ BODY (90 bytes)
│  │  <?xml version="1.0" encoding="UTF-8"?><A:propfind xmlns:A="DAV:"><A:allprop/></A:propfind>
├─ RSP BODY (5703 bytes)
│  │  <?xml version="1.0" encoding="UTF-8"?>
│  <d:multistatus xmlns:d="DAV:" xmlns:cal="urn:ietf:params:xml:ns:caldav" xmlns:cs="http://calendarserver.org/ns/" xmlns:s="http://sabredav.org/ns"><d:response>
│  	<d:href>/caldav/user/calendars/</d:href>
│  	<d:propstat>
│  		<d:prop>
│  			<d:resourcetype><d:collection/></d:resourcetype>
│  			<d:supported-report-set>
│  				<d:supported-report><d:report><d:expand-property/></d:report></d:supported-report>
│  				<d:supported-report><d:report><d:principal-match/></d:report></d:supported-report>
│  				<d:supported-report><d:report><d:principal-property-search/></d:report></d:supported-report>
│  				<d:supported-report><d:report><d:principal-search-property-set/></d:report></d:supported-report>
│  				<d:supported-report><d:report><d:sync-collection/></d:report></d:supported-report>
│  			</d:supported-report-set>
│  			<cal:schedule-default-calendar-URL><d:href>/caldav/user/calendars/default/</d:href></cal:schedule-default-calendar-URL>
│  		</d:prop>
│  		<d:status>HTTP/1.1 200 OK</d:status>
│  	</d:propstat>
│  </d:response><d:response>
│  	<d:href>/caldav/user/calendars/default/</d:href>
│  	<d:propstat>
│  		<d:prop>
│  			<d:resourcetype><d:collection/><cal:calendar/></d:resourcetype>
│  			<d:supported-report-set>
│  				<d:supported-report><d:report><d:expand-property/></d:report></d:supported-report>
│  				<d:supported-report><d:report><d:principal-match/></d:report></d:supported-report>
│  				<d:supported-report><d:report><d:principal-property-search/></d:report></d:supported-report>
│  				<d:supported-report><d:report><d:principal-search-property-set/></d:report></d:supported-report>
│  				<d:supported-report><d:report><d:sync-collection/></d:report></d:supported-report>
│  				<d:supported-report><d:report><cal:calendar-multiget/></d:report></d:supported-report>
│  				<d:supported-report><d:report><cal:calendar-query/></d:report></d:supported-report>
│  				<d:supported-report><d:report><cal:free-busy-query/></d:report></d:supported-report>
│  			</d:supported-report-set>
│  			<cs:getctag>32f2928ad8f9cc3c</cs:getctag>
│  			<s:sync-token>32f2928ad8f9cc3c</s:sync-token>
│  			<cal:supported-calendar-component-set>
│  				<cal:comp name="VEVENT"/>
│  			</cal:supported-calendar-component-set>
│  			<cal:schedule-calendar-transp><cal:opaque/></cal:schedule-calendar-transp>
│  			<d:displayname>Buchungen - Antje Martin</d:displayname>
│  			<cal:calendar-description>schedio default calendar</cal:calendar-description>
│  			<cal:calendar-timezone>UTC</cal:calendar-timezone>
│  			<x1:calendar-order xmlns:x1="http://apple.com/ns/ical/">0</x1:calendar-order>
│  			<x1:calendar-color xmlns:x1="http://apple.com/ns/ical/"></x1:calendar-color>
│  			<d:current-user-privilege-set>
│  				<d:privilege><d:read/></d:privilege>
│  				<d:privilege><d:write/></d:privilege>
│  				<d:privilege><d:write-properties/></d:privilege>
│  				<d:privilege><d:write-content/></d:privilege>
│  				<d:privilege><cal:read-free-busy/></d:privilege>
│  			</d:current-user-privilege-set>
│  		</d:prop>
│  		<d:status>HTTP/1.1 200 OK</d:status>
│  	</d:propstat>
│  </d:response><d:response>
│  	<d:href>/caldav/user/calendars/avail-u0000000-0000-4000-8000-000000000001/</d:href>
│  	<d:propstat>
│  		<d:prop>
│  			<d:resourcetype><d:collection/><cal:calendar/></d:resourcetype>
│  			<d:supported-report-set>
│  				<d:supported-report><d:report><d:expand-property/></d:report></d:supported-report>
│  				<d:supported-report><d:report><d:principal-match/></d:report></d:supported-report>
│  				<d:supported-report><d:report><d:principal-property-search/></d:report></d:supported-report>
│  				<d:supported-report><d:report><d:principal-search-property-set/></d:report></d:supported-report>
│  				<d:supported-report><d:report><d:sync-collection/></d:report></d:supported-report>
│  				<d:supported-report><d:report><cal:calendar-multiget/></d:report></d:supported-report>
│  				<d:supported-report><d:report><cal:calendar-query/></d:report></d:supported-report>
│  				<d:supported-report><d:report><cal:free-busy-query/></d:report></d:supported-report>
│  			</d:supported-report-set>
│  			<cs:getctag>59bbc83815419693</cs:getctag>
│  			<s:sync-token>59bbc83815419693</s:sync-token>
│  			<cal:supported-calenda
│  …(truncated)
└─
I0304 21:39:28.597839   26380 principal.go:48] caldav/noauth: injecting principal "antje.neuss@gmx.de" (no credentials required)
I0304 21:39:28.610363   26380 middleware.go:46] PROPFIND /caldav/user/calendars/default/                    207  13ms  [::1]:64482
I0304 21:39:28.628142   26380 middleware.go:79] 
┌─ REQUEST  PROPFIND /caldav/user/calendars/default/ HTTP/1.1
│  Depth: 0
│  Content-Type: application/xml; charset=utf-8
│  Content-Length: 90
├─ RESPONSE 207
│  Dav: 1, 2, calendar-access, calendar-auto-schedule
│  Content-Type: application/xml; charset=utf-8
├─ REQ BODY (90 bytes)
│  │  <?xml version="1.0" encoding="UTF-8"?><A:propfind xmlns:A="DAV:"><A:allprop/></A:propfind>
├─ RSP BODY (1959 bytes)
│  │  <?xml version="1.0" encoding="UTF-8"?>
│  <d:multistatus xmlns:d="DAV:" xmlns:cal="urn:ietf:params:xml:ns:caldav">
│  	<d:response>
│  		<d:href>/caldav/user/calendars/default/</d:href>
│  		<d:propstat>
│  			<d:prop>
│  				<d:resourcetype><d:collection/><cal:calendar/></d:resourcetype>
│  				<d:supported-report-set>
│  					<d:supported-report><d:report><d:expand-property/></d:report></d:supported-report>
│  					<d:supported-report><d:report><d:principal-match/></d:report></d:supported-report>
│  					<d:supported-report><d:report><d:principal-property-search/></d:report></d:supported-report>
│  					<d:supported-report><d:report><d:principal-search-property-set/></d:report></d:supported-report>
│  					<d:supported-report><d:report><d:sync-collection/></d:report></d:supported-report>
│  					<d:supported-report><d:report><cal:calendar-multiget/></d:report></d:supported-report>
│  					<d:supported-report><d:report><cal:calendar-query/></d:report></d:supported-report>
│  					<d:supported-report><d:report><cal:free-busy-query/></d:report></d:supported-report>
│  				</d:supported-report-set>
│  				<d:displayname>Buchungen - Antje Martin</d:displayname>
│  				<cal:calendar-description>schedio default calendar</cal:calendar-description>
│  				<cal:supported-calendar-component-set>
│  					<cal:comp name="VEVENT"/>
│  				</cal:supported-calendar-component-set>
│  				<cal:supported-calendar-data>
│  					<cal:calendar-data content-type="text/calendar" version="2.0"/>
│  				</cal:supported-calendar-data>
│  				<cal:schedule-calendar-transp><cal:opaque/></cal:schedule-calendar-transp>
│  				<d:current-user-privilege-set>
│  					<d:privilege><d:read/></d:privilege>
│  					<d:privilege><d:write/></d:privilege>
│  					<d:privilege><d:write-properties/></d:privilege>
│  					<d:privilege><d:write-content/></d:privilege>
│  					<d:privilege><cal:read-free-busy/></d:privilege>
│  				</d:current-user-privilege-set>
│  			</d:prop>
│  			<d:status>HTTP/1.1 200 OK</d:status>
│  		</d:propstat>
│  	</d:response>
│  </d:multistatus>
│  
└─
I0304 21:40:36.790877   26380 middleware.go:46] GET      /admin/api/v1/settings                             200  1ms  [::1]:64579
I0304 21:40:36.791429   26380 middleware.go:79] 
┌─ REQUEST  GET /admin/api/v1/settings HTTP/1.1
│  User-Agent: Mozilla/5.0 (Windows NT; Windows NT 10.0; en-US) WindowsPowerShell/5.1.19041.6926
├─ RESPONSE 200
│  Content-Type: application/json; charset=utf-8
├─ RSP BODY (223 bytes)
│  │  {"no_show_deadline_hours":24,"retention_period_days":30,"reminder_lead_time_days":1,"currency":"EUR","appointment_location":"","sender_name":"Physiotherapie Antje Martin","default_calendar_name":"Buchungen - Antje Martin"}
│  
└─
I0304 21:40:36.808000   26380 middleware.go:46] PROPFIND /.well-known/caldav                                301  0s  [::1]:64579
I0304 21:40:36.832493   26380 middleware.go:79] 
┌─ REQUEST  PROPFIND /.well-known/caldav HTTP/1.1
│  Content-Type: application/xml; charset=utf-8
│  Content-Length: 90
│  Depth: 0
├─ RESPONSE 301
│  Location: /caldav/
├─ REQ BODY (90 bytes)
│  │  <?xml version="1.0" encoding="UTF-8"?><A:propfind xmlns:A="DAV:"><A:allprop/></A:propfind>
└─
I0304 21:40:36.845636   26380 middleware.go:46] PROPFIND /                                                  207  0s  [::1]:64579
I0304 21:40:36.872453   26380 middleware.go:79] 
┌─ REQUEST  PROPFIND / HTTP/1.1
│  Content-Length: 90
│  Depth: 0
│  Content-Type: application/xml; charset=utf-8
├─ RESPONSE 207
│  Dav: 1, 2, calendar-access
│  Content-Type: application/xml; charset=utf-8
├─ REQ BODY (90 bytes)
│  │  <?xml version="1.0" encoding="UTF-8"?><A:propfind xmlns:A="DAV:"><A:allprop/></A:propfind>
├─ RSP BODY (459 bytes)
│  │  <?xml version="1.0" encoding="UTF-8"?>
│  <d:multistatus xmlns:d="DAV:" xmlns:c="urn:ietf:params:xml:ns:caldav">
│    <d:response>
│      <d:href>/</d:href>
│      <d:propstat>
│        <d:prop>
│          <d:current-user-principal>
│            <d:href>/caldav/user/</d:href>
│          </d:current-user-principal>
│          <d:resourcetype><d:collection/></d:resourcetype>
│        </d:prop>
│        <d:status>HTTP/1.1 200 OK</d:status>
│      </d:propstat>
│    </d:response>
│  </d:multistatus>
│  
└─
I0304 21:40:36.907984   26380 principal.go:48] caldav/noauth: injecting principal "antje.neuss@gmx.de" (no credentials required)
I0304 21:40:36.908540   26380 availability_store.go:157] caldav/avail: viewableAvailCalendars: principal="antje.neuss@gmx.de" role=staff id="u0000000-0000-4000-8000-000000000001"
I0304 21:40:36.909631   26380 availability_store.go:171] caldav/avail: viewableAvailCalendars: staff → 1 avail calendar (own)
I0304 21:40:36.910177   26380 availability_store.go:243] caldav/avail: ListCalendars: base=1 avail=1 total=2
I0304 21:40:36.910737   26380 availability_store.go:245]   calendar id="default" name="Buchungen - Antje Martin"
I0304 21:40:36.911285   26380 availability_store.go:245]   calendar id="avail-u0000000-0000-4000-8000-000000000001" name="Availability – Antje Martin"
I0304 21:40:36.911831   26380 middleware.go:46] PROPFIND /caldav/user/                                      207  4ms  [::1]:64579
I0304 21:40:36.912375   26380 middleware.go:79] 
┌─ REQUEST  PROPFIND /caldav/user/ HTTP/1.1
│  Content-Type: application/xml; charset=utf-8
│  Content-Length: 90
│  Depth: 0
├─ RESPONSE 207
│  Dav: 1, 2, calendar-access, calendar-auto-schedule
│  Content-Type: application/xml; charset=utf-8
├─ REQ BODY (90 bytes)
│  │  <?xml version="1.0" encoding="UTF-8"?><A:propfind xmlns:A="DAV:"><A:allprop/></A:propfind>
├─ RSP BODY (1954 bytes)
│  │  <?xml version="1.0" encoding="UTF-8"?>
│  <d:multistatus xmlns:d="DAV:" xmlns:c="urn:ietf:params:xml:ns:caldav">
│  	<d:response>
│  		<d:href>/caldav/user/</d:href>
│  		<d:propstat>
│  			<d:prop>
│  				<d:supported-report-set>
│  					<d:supported-report><d:report><d:expand-property/></d:report></d:supported-report>
│  					<d:supported-report><d:report><d:principal-match/></d:report></d:supported-report>
│  					<d:supported-report><d:report><d:principal-property-search/></d:report></d:supported-report>
│  					<d:supported-report><d:report><d:principal-search-property-set/></d:report></d:supported-report>
│  				</d:supported-report-set>
│  				<d:current-user-principal>
│  					<d:href>/caldav/user/</d:href>
│  				</d:current-user-principal>
│  				<c:calendar-home-set>
│  					<d:href>/caldav/user/calendars/</d:href>
│  				</c:calendar-home-set>
│  				<c:calendar-user-address-set>
│  				<d:href>mailto:antje.neuss@gmx.de</d:href>
│  				</c:calendar-user-address-set>
│  				<c:calendar-user-type>INDIVIDUAL</c:calendar-user-type>
│  				<c:schedule-default-calendar-URL><d:href>/caldav/user/calendars/default/</d:href></c:schedule-default-calendar-URL>
│  				<c:schedule-inbox-URL>
│  					<d:href>/caldav/user/inbox/</d:href>
│  				</c:schedule-inbox-URL>
│  				<c:schedule-outbox-URL>
│  					<d:href>/caldav/user/outbox/</d:href>
│  				</c:schedule-outbox-URL>
│  				<d:resourcetype><d:collection/><d:principal/></d:resourcetype>
│  				<d:displayname>Antje Martin</d:displayname>
│  				<d:current-user-privilege-set>
│  					<d:privilege><d:read/></d:privilege>
│  					<d:privilege><d:write/></d:privilege>
│  					<d:privilege><d:write-properties/></d:privilege>
│  					<d:privilege><d:write-content/></d:privilege>
│  					<d:privilege><d:read-acl/></d:privilege>
│  					<d:privilege><d:read-current-user-privilege-set/></d:privilege>
│  					<d:privilege><c:read-free-busy/></d:privilege>
│  				</d:current-user-privilege-set>
│  			</d:prop>
│  			<d:status>HTTP/1.1 200 OK</d:status>
│  		</d:propstat>
│  	</d:response>
│  </d:multistatus>
│  
└─
I0304 21:40:36.934557   26380 principal.go:48] caldav/noauth: injecting principal "antje.neuss@gmx.de" (no credentials required)
I0304 21:40:36.955560   26380 availability_store.go:157] caldav/avail: viewableAvailCalendars: principal="antje.neuss@gmx.de" role=staff id="u0000000-0000-4000-8000-000000000001"
I0304 21:40:36.972814   26380 availability_store.go:171] caldav/avail: viewableAvailCalendars: staff → 1 avail calendar (own)
I0304 21:40:37.005508   26380 availability_store.go:243] caldav/avail: ListCalendars: base=1 avail=1 total=2
I0304 21:40:37.021924   26380 availability_store.go:245]   calendar id="default" name="Buchungen - Antje Martin"
I0304 21:40:37.039675   26380 availability_store.go:245]   calendar id="avail-u0000000-0000-4000-8000-000000000001" name="Availability – Antje Martin"
I0304 21:40:37.043515   26380 availability_store.go:145] caldav/avail: canAccessAvailCal ownerID="u0000000-0000-4000-8000-000000000001" principal="antje.neuss@gmx.de" role=staff → true
I0304 21:40:37.044061   26380 middleware.go:46] PROPFIND /caldav/user/calendars/                            207  110ms  [::1]:64579
I0304 21:40:37.044602   26380 middleware.go:79] 
┌─ REQUEST  PROPFIND /caldav/user/calendars/ HTTP/1.1
│  Content-Length: 90
│  Depth: 1
│  Content-Type: application/xml; charset=utf-8
├─ RESPONSE 207
│  Dav: 1, 2, calendar-access, calendar-auto-schedule
│  Content-Type: application/xml; charset=utf-8
├─ REQ BODY (90 bytes)
│  │  <?xml version="1.0" encoding="UTF-8"?><A:propfind xmlns:A="DAV:"><A:allprop/></A:propfind>
├─ RSP BODY (5703 bytes)
│  │  <?xml version="1.0" encoding="UTF-8"?>
│  <d:multistatus xmlns:d="DAV:" xmlns:cal="urn:ietf:params:xml:ns:caldav" xmlns:cs="http://calendarserver.org/ns/" xmlns:s="http://sabredav.org/ns"><d:response>
│  	<d:href>/caldav/user/calendars/</d:href>
│  	<d:propstat>
│  		<d:prop>
│  			<d:resourcetype><d:collection/></d:resourcetype>
│  			<d:supported-report-set>
│  				<d:supported-report><d:report><d:expand-property/></d:report></d:supported-report>
│  				<d:supported-report><d:report><d:principal-match/></d:report></d:supported-report>
│  				<d:supported-report><d:report><d:principal-property-search/></d:report></d:supported-report>
│  				<d:supported-report><d:report><d:principal-search-property-set/></d:report></d:supported-report>
│  				<d:supported-report><d:report><d:sync-collection/></d:report></d:supported-report>
│  			</d:supported-report-set>
│  			<cal:schedule-default-calendar-URL><d:href>/caldav/user/calendars/default/</d:href></cal:schedule-default-calendar-URL>
│  		</d:prop>
│  		<d:status>HTTP/1.1 200 OK</d:status>
│  	</d:propstat>
│  </d:response><d:response>
│  	<d:href>/caldav/user/calendars/default/</d:href>
│  	<d:propstat>
│  		<d:prop>
│  			<d:resourcetype><d:collection/><cal:calendar/></d:resourcetype>
│  			<d:supported-report-set>
│  				<d:supported-report><d:report><d:expand-property/></d:report></d:supported-report>
│  				<d:supported-report><d:report><d:principal-match/></d:report></d:supported-report>
│  				<d:supported-report><d:report><d:principal-property-search/></d:report></d:supported-report>
│  				<d:supported-report><d:report><d:principal-search-property-set/></d:report></d:supported-report>
│  				<d:supported-report><d:report><d:sync-collection/></d:report></d:supported-report>
│  				<d:supported-report><d:report><cal:calendar-multiget/></d:report></d:supported-report>
│  				<d:supported-report><d:report><cal:calendar-query/></d:report></d:supported-report>
│  				<d:supported-report><d:report><cal:free-busy-query/></d:report></d:supported-report>
│  			</d:supported-report-set>
│  			<cs:getctag>32f2928ad8f9cc3c</cs:getctag>
│  			<s:sync-token>32f2928ad8f9cc3c</s:sync-token>
│  			<cal:supported-calendar-component-set>
│  				<cal:comp name="VEVENT"/>
│  			</cal:supported-calendar-component-set>
│  			<cal:schedule-calendar-transp><cal:opaque/></cal:schedule-calendar-transp>
│  			<d:displayname>Buchungen - Antje Martin</d:displayname>
│  			<cal:calendar-description>schedio default calendar</cal:calendar-description>
│  			<cal:calendar-timezone>UTC</cal:calendar-timezone>
│  			<x1:calendar-order xmlns:x1="http://apple.com/ns/ical/">0</x1:calendar-order>
│  			<x1:calendar-color xmlns:x1="http://apple.com/ns/ical/"></x1:calendar-color>
│  			<d:current-user-privilege-set>
│  				<d:privilege><d:read/></d:privilege>
│  				<d:privilege><d:write/></d:privilege>
│  				<d:privilege><d:write-properties/></d:privilege>
│  				<d:privilege><d:write-content/></d:privilege>
│  				<d:privilege><cal:read-free-busy/></d:privilege>
│  			</d:current-user-privilege-set>
│  		</d:prop>
│  		<d:status>HTTP/1.1 200 OK</d:status>
│  	</d:propstat>
│  </d:response><d:response>
│  	<d:href>/caldav/user/calendars/avail-u0000000-0000-4000-8000-000000000001/</d:href>
│  	<d:propstat>
│  		<d:prop>
│  			<d:resourcetype><d:collection/><cal:calendar/></d:resourcetype>
│  			<d:supported-report-set>
│  				<d:supported-report><d:report><d:expand-property/></d:report></d:supported-report>
│  				<d:supported-report><d:report><d:principal-match/></d:report></d:supported-report>
│  				<d:supported-report><d:report><d:principal-property-search/></d:report></d:supported-report>
│  				<d:supported-report><d:report><d:principal-search-property-set/></d:report></d:supported-report>
│  				<d:supported-report><d:report><d:sync-collection/></d:report></d:supported-report>
│  				<d:supported-report><d:report><cal:calendar-multiget/></d:report></d:supported-report>
│  				<d:supported-report><d:report><cal:calendar-query/></d:report></d:supported-report>
│  				<d:supported-report><d:report><cal:free-busy-query/></d:report></d:supported-report>
│  			</d:supported-report-set>
│  			<cs:getctag>59bbc83815419693</cs:getctag>
│  			<s:sync-token>59bbc83815419693</s:sync-token>
│  			<cal:supported-calenda
│  …(truncated)
└─
I0304 21:40:37.059318   26380 principal.go:48] caldav/noauth: injecting principal "antje.neuss@gmx.de" (no credentials required)
I0304 21:40:37.065273   26380 middleware.go:46] PROPFIND /caldav/user/calendars/default/                    207  6ms  [::1]:64579
I0304 21:40:37.065813   26380 middleware.go:79] 
┌─ REQUEST  PROPFIND /caldav/user/calendars/default/ HTTP/1.1
│  Depth: 0
│  Content-Type: application/xml; charset=utf-8
│  Content-Length: 90
├─ RESPONSE 207
│  Dav: 1, 2, calendar-access, calendar-auto-schedule
│  Content-Type: application/xml; charset=utf-8
├─ REQ BODY (90 bytes)
│  │  <?xml version="1.0" encoding="UTF-8"?><A:propfind xmlns:A="DAV:"><A:allprop/></A:propfind>
├─ RSP BODY (1959 bytes)
│  │  <?xml version="1.0" encoding="UTF-8"?>
│  <d:multistatus xmlns:d="DAV:" xmlns:cal="urn:ietf:params:xml:ns:caldav">
│  	<d:response>
│  		<d:href>/caldav/user/calendars/default/</d:href>
│  		<d:propstat>
│  			<d:prop>
│  				<d:resourcetype><d:collection/><cal:calendar/></d:resourcetype>
│  				<d:supported-report-set>
│  					<d:supported-report><d:report><d:expand-property/></d:report></d:supported-report>
│  					<d:supported-report><d:report><d:principal-match/></d:report></d:supported-report>
│  					<d:supported-report><d:report><d:principal-property-search/></d:report></d:supported-report>
│  					<d:supported-report><d:report><d:principal-search-property-set/></d:report></d:supported-report>
│  					<d:supported-report><d:report><d:sync-collection/></d:report></d:supported-report>
│  					<d:supported-report><d:report><cal:calendar-multiget/></d:report></d:supported-report>
│  					<d:supported-report><d:report><cal:calendar-query/></d:report></d:supported-report>
│  					<d:supported-report><d:report><cal:free-busy-query/></d:report></d:supported-report>
│  				</d:supported-report-set>
│  				<d:displayname>Buchungen - Antje Martin</d:displayname>
│  				<cal:calendar-description>schedio default calendar</cal:calendar-description>
│  				<cal:supported-calendar-component-set>
│  					<cal:comp name="VEVENT"/>
│  				</cal:supported-calendar-component-set>
│  				<cal:supported-calendar-data>
│  					<cal:calendar-data content-type="text/calendar" version="2.0"/>
│  				</cal:supported-calendar-data>
│  				<cal:schedule-calendar-transp><cal:opaque/></cal:schedule-calendar-transp>
│  				<d:current-user-privilege-set>
│  					<d:privilege><d:read/></d:privilege>
│  					<d:privilege><d:write/></d:privilege>
│  					<d:privilege><d:write-properties/></d:privilege>
│  					<d:privilege><d:write-content/></d:privilege>
│  					<d:privilege><cal:read-free-busy/></d:privilege>
│  				</d:current-user-privilege-set>
│  			</d:prop>
│  			<d:status>HTTP/1.1 200 OK</d:status>
│  		</d:propstat>
│  	</d:response>
│  </d:multistatus>
│  
└─
I0304 21:40:37.083631   26380 middleware.go:46] PUT      /admin/api/v1/settings                             200  0s  [::1]:64579
I0304 21:40:37.083969   26380 middleware.go:79] 
┌─ REQUEST  PUT /admin/api/v1/settings HTTP/1.1
│  Content-Length: 52
│  User-Agent: Mozilla/5.0 (Windows NT; Windows NT 10.0; en-US) WindowsPowerShell/5.1.19041.6926
│  Content-Type: application/json
├─ RESPONSE 200
│  Content-Type: application/json; charset=utf-8
├─ REQ BODY (52 bytes)
│  │  {"default_calendar_name":"Buchungen - Antje Martin"}
├─ RSP BODY (223 bytes)
│  │  {"no_show_deadline_hours":24,"retention_period_days":30,"reminder_lead_time_days":1,"currency":"EUR","appointment_location":"","sender_name":"Physiotherapie Antje Martin","default_calendar_name":"Buchungen - Antje Martin"}
│  
└─
I0304 21:40:37.090417   26380 principal.go:48] caldav/noauth: injecting principal "antje.neuss@gmx.de" (no credentials required)
I0304 21:40:37.106127   26380 availability_store.go:157] caldav/avail: viewableAvailCalendars: principal="antje.neuss@gmx.de" role=staff id="u0000000-0000-4000-8000-000000000001"
I0304 21:40:37.132488   26380 availability_store.go:171] caldav/avail: viewableAvailCalendars: staff → 1 avail calendar (own)
I0304 21:40:37.133048   26380 availability_store.go:243] caldav/avail: ListCalendars: base=1 avail=1 total=2
I0304 21:40:37.133070   26380 availability_store.go:245]   calendar id="default" name="Buchungen - Antje Martin"
I0304 21:40:37.133916   26380 availability_store.go:245]   calendar id="avail-u0000000-0000-4000-8000-000000000001" name="Availability – Antje Martin"
I0304 21:40:37.134441   26380 availability_store.go:145] caldav/avail: canAccessAvailCal ownerID="u0000000-0000-4000-8000-000000000001" principal="antje.neuss@gmx.de" role=staff → true
I0304 21:40:37.135033   26380 middleware.go:46] PROPFIND /caldav/user/calendars/                            207  45ms  [::1]:64579
I0304 21:40:37.135750   26380 middleware.go:79] 
┌─ REQUEST  PROPFIND /caldav/user/calendars/ HTTP/1.1
│  Content-Length: 90
│  Depth: 1
│  Content-Type: application/xml; charset=utf-8
├─ RESPONSE 207
│  Dav: 1, 2, calendar-access, calendar-auto-schedule
│  Content-Type: application/xml; charset=utf-8
├─ REQ BODY (90 bytes)
│  │  <?xml version="1.0" encoding="UTF-8"?><A:propfind xmlns:A="DAV:"><A:allprop/></A:propfind>
├─ RSP BODY (5703 bytes)
│  │  <?xml version="1.0" encoding="UTF-8"?>
│  <d:multistatus xmlns:d="DAV:" xmlns:cal="urn:ietf:params:xml:ns:caldav" xmlns:cs="http://calendarserver.org/ns/" xmlns:s="http://sabredav.org/ns"><d:response>
│  	<d:href>/caldav/user/calendars/</d:href>
│  	<d:propstat>
│  		<d:prop>
│  			<d:resourcetype><d:collection/></d:resourcetype>
│  			<d:supported-report-set>
│  				<d:supported-report><d:report><d:expand-property/></d:report></d:supported-report>
│  				<d:supported-report><d:report><d:principal-match/></d:report></d:supported-report>
│  				<d:supported-report><d:report><d:principal-property-search/></d:report></d:supported-report>
│  				<d:supported-report><d:report><d:principal-search-property-set/></d:report></d:supported-report>
│  				<d:supported-report><d:report><d:sync-collection/></d:report></d:supported-report>
│  			</d:supported-report-set>
│  			<cal:schedule-default-calendar-URL><d:href>/caldav/user/calendars/default/</d:href></cal:schedule-default-calendar-URL>
│  		</d:prop>
│  		<d:status>HTTP/1.1 200 OK</d:status>
│  	</d:propstat>
│  </d:response><d:response>
│  	<d:href>/caldav/user/calendars/default/</d:href>
│  	<d:propstat>
│  		<d:prop>
│  			<d:resourcetype><d:collection/><cal:calendar/></d:resourcetype>
│  			<d:supported-report-set>
│  				<d:supported-report><d:report><d:expand-property/></d:report></d:supported-report>
│  				<d:supported-report><d:report><d:principal-match/></d:report></d:supported-report>
│  				<d:supported-report><d:report><d:principal-property-search/></d:report></d:supported-report>
│  				<d:supported-report><d:report><d:principal-search-property-set/></d:report></d:supported-report>
│  				<d:supported-report><d:report><d:sync-collection/></d:report></d:supported-report>
│  				<d:supported-report><d:report><cal:calendar-multiget/></d:report></d:supported-report>
│  				<d:supported-report><d:report><cal:calendar-query/></d:report></d:supported-report>
│  				<d:supported-report><d:report><cal:free-busy-query/></d:report></d:supported-report>
│  			</d:supported-report-set>
│  			<cs:getctag>32f2928ad8f9cc3c</cs:getctag>
│  			<s:sync-token>32f2928ad8f9cc3c</s:sync-token>
│  			<cal:supported-calendar-component-set>
│  				<cal:comp name="VEVENT"/>
│  			</cal:supported-calendar-component-set>
│  			<cal:schedule-calendar-transp><cal:opaque/></cal:schedule-calendar-transp>
│  			<d:displayname>Buchungen - Antje Martin</d:displayname>
│  			<cal:calendar-description>schedio default calendar</cal:calendar-description>
│  			<cal:calendar-timezone>UTC</cal:calendar-timezone>
│  			<x1:calendar-order xmlns:x1="http://apple.com/ns/ical/">0</x1:calendar-order>
│  			<x1:calendar-color xmlns:x1="http://apple.com/ns/ical/"></x1:calendar-color>
│  			<d:current-user-privilege-set>
│  				<d:privilege><d:read/></d:privilege>
│  				<d:privilege><d:write/></d:privilege>
│  				<d:privilege><d:write-properties/></d:privilege>
│  				<d:privilege><d:write-content/></d:privilege>
│  				<d:privilege><cal:read-free-busy/></d:privilege>
│  			</d:current-user-privilege-set>
│  		</d:prop>
│  		<d:status>HTTP/1.1 200 OK</d:status>
│  	</d:propstat>
│  </d:response><d:response>
│  	<d:href>/caldav/user/calendars/avail-u0000000-0000-4000-8000-000000000001/</d:href>
│  	<d:propstat>
│  		<d:prop>
│  			<d:resourcetype><d:collection/><cal:calendar/></d:resourcetype>
│  			<d:supported-report-set>
│  				<d:supported-report><d:report><d:expand-property/></d:report></d:supported-report>
│  				<d:supported-report><d:report><d:principal-match/></d:report></d:supported-report>
│  				<d:supported-report><d:report><d:principal-property-search/></d:report></d:supported-report>
│  				<d:supported-report><d:report><d:principal-search-property-set/></d:report></d:supported-report>
│  				<d:supported-report><d:report><d:sync-collection/></d:report></d:supported-report>
│  				<d:supported-report><d:report><cal:calendar-multiget/></d:report></d:supported-report>
│  				<d:supported-report><d:report><cal:calendar-query/></d:report></d:supported-report>
│  				<d:supported-report><d:report><cal:free-busy-query/></d:report></d:supported-report>
│  			</d:supported-report-set>
│  			<cs:getctag>59bbc83815419693</cs:getctag>
│  			<s:sync-token>59bbc83815419693</s:sync-token>
│  			<cal:supported-calenda
│  …(truncated)
└─
I0304 21:40:37.145932   26380 principal.go:48] caldav/noauth: injecting principal "antje.neuss@gmx.de" (no credentials required)
I0304 21:40:37.178620   26380 middleware.go:46] PROPFIND /caldav/user/calendars/default/                    207  33ms  [::1]:64579
I0304 21:40:37.197574   26380 middleware.go:79] 
┌─ REQUEST  PROPFIND /caldav/user/calendars/default/ HTTP/1.1
│  Content-Length: 90
│  Depth: 0
│  Content-Type: application/xml; charset=utf-8
├─ RESPONSE 207
│  Dav: 1, 2, calendar-access, calendar-auto-schedule
│  Content-Type: application/xml; charset=utf-8
├─ REQ BODY (90 bytes)
│  │  <?xml version="1.0" encoding="UTF-8"?><A:propfind xmlns:A="DAV:"><A:allprop/></A:propfind>
├─ RSP BODY (1959 bytes)
│  │  <?xml version="1.0" encoding="UTF-8"?>
│  <d:multistatus xmlns:d="DAV:" xmlns:cal="urn:ietf:params:xml:ns:caldav">
│  	<d:response>
│  		<d:href>/caldav/user/calendars/default/</d:href>
│  		<d:propstat>
│  			<d:prop>
│  				<d:resourcetype><d:collection/><cal:calendar/></d:resourcetype>
│  				<d:supported-report-set>
│  					<d:supported-report><d:report><d:expand-property/></d:report></d:supported-report>
│  					<d:supported-report><d:report><d:principal-match/></d:report></d:supported-report>
│  					<d:supported-report><d:report><d:principal-property-search/></d:report></d:supported-report>
│  					<d:supported-report><d:report><d:principal-search-property-set/></d:report></d:supported-report>
│  					<d:supported-report><d:report><d:sync-collection/></d:report></d:supported-report>
│  					<d:supported-report><d:report><cal:calendar-multiget/></d:report></d:supported-report>
│  					<d:supported-report><d:report><cal:calendar-query/></d:report></d:supported-report>
│  					<d:supported-report><d:report><cal:free-busy-query/></d:report></d:supported-report>
│  				</d:supported-report-set>
│  				<d:displayname>Buchungen - Antje Martin</d:displayname>
│  				<cal:calendar-description>schedio default calendar</cal:calendar-description>
│  				<cal:supported-calendar-component-set>
│  					<cal:comp name="VEVENT"/>
│  				</cal:supported-calendar-component-set>
│  				<cal:supported-calendar-data>
│  					<cal:calendar-data content-type="text/calendar" version="2.0"/>
│  				</cal:supported-calendar-data>
│  				<cal:schedule-calendar-transp><cal:opaque/></cal:schedule-calendar-transp>
│  				<d:current-user-privilege-set>
│  					<d:privilege><d:read/></d:privilege>
│  					<d:privilege><d:write/></d:privilege>
│  					<d:privilege><d:write-properties/></d:privilege>
│  					<d:privilege><d:write-content/></d:privilege>
│  					<d:privilege><cal:read-free-busy/></d:privilege>
│  				</d:current-user-privilege-set>
│  			</d:prop>
│  			<d:status>HTTP/1.1 200 OK</d:status>
│  		</d:propstat>
│  	</d:response>
│  </d:multistatus>
│  
└─
