I0302 20:38:18.681606   35924 cmdline.go:75] reading services from .\config\services.yaml
I0302 20:38:18.710270   35924 cmdline.go:85] reading users from .\config\users.yaml
I0302 20:38:18.731704   35924 cmdline.go:94] reading timeslots from .\config\availability.yaml
I0302 20:38:18.754192   35924 main.go:38] syncing 2 users into domain store
I0302 20:38:18.775475   35924 main.go:44] syncing 2 services into domain store
I0302 20:38:18.798169   35924 main.go:50] syncing 3 timeslots into domain store
I0302 20:38:18.820471   35924 main.go:68] schedio listening on 0.0.0.0:8080
I0302 20:38:35.225841   35924 middleware.go:46] PROPFIND /caldav/user/                                      401  0s  [fe80::455:dc24:e3c5:4d14%Ethernet]:61519
I0302 20:38:35.226982   35924 middleware.go:79] 
┌─ REQUEST  PROPFIND /caldav/user/ HTTP/1.1
│  Connection: keep-alive
│  User-Agent: iOS/26.3 (23D127) dataaccessd/1.0
│  Content-Length: 819
│  Accept-Language: de-DE,de;q=0.9
│  Depth: 0
│  Prefer: return=minimal
│  Accept-Encoding: gzip, deflate
│  Content-Type: text/xml
│  Brief: t
│  Accept: */*
├─ RESPONSE 401
│  X-Content-Type-Options: nosniff
│  Www-Authenticate: Basic realm="schedio CalDAV"
│  Content-Type: text/plain; charset=utf-8
├─ REQ BODY (819 bytes)
│  │  <?xml version="1.0" encoding="UTF-8"?>
│  <A:propfind xmlns:A="DAV:">
│    <A:prop>
│      <B:calendar-home-set xmlns:B="urn:ietf:params:xml:ns:caldav"/>
│      <B:calendar-user-address-set xmlns:B="urn:ietf:params:xml:ns:caldav"/>
│      <A:current-user-principal/>
│      <A:displayname/>
│      <C:dropbox-home-URL xmlns:C="http://calendarserver.org/ns/"/>
│      <C:email-address-set xmlns:C="http://calendarserver.org/ns/"/>
│      <B:max-attendees-per-instance xmlns:B="urn:ietf:params:xml:ns:caldav"/>
│      <C:notification-URL xmlns:C="http://calendarserver.org/ns/"/>
│      <A:principal-collection-set/>
│      <A:principal-URL/>
│      <A:resource-id/>
│      <B:schedule-inbox-URL xmlns:B="urn:ietf:params:xml:ns:caldav"/>
│      <B:schedule-outbox-URL xmlns:B="urn:ietf:params:xml:ns:caldav"/>
│      <A:supported-report-set/>
│    </A:prop>
│  </A:propfind>
│  
├─ RSP BODY (24 bytes)
│  │  authentication required
│  
└─
I0302 20:39:41.644596   35924 middleware.go:46] PROPFIND /.well-known/caldav                                301  0s  [fe80::455:dc24:e3c5:4d14%Ethernet]:61520
I0302 20:39:41.645750   35924 middleware.go:79] 
┌─ REQUEST  PROPFIND /.well-known/caldav HTTP/1.1
│  Brief: t
│  Accept: */*
│  Prefer: return=minimal
│  Accept-Language: de-DE,de;q=0.9
│  Content-Type: text/xml
│  Depth: 0
│  Connection: keep-alive
│  User-Agent: iOS/26.3 (23D127) accountsd/1.0
│  Content-Length: 181
│  Accept-Encoding: gzip, deflate
├─ RESPONSE 301
│  Location: /caldav/
├─ REQ BODY (181 bytes)
│  │  <?xml version="1.0" encoding="UTF-8"?>
│  <A:propfind xmlns:A="DAV:">
│    <A:prop>
│      <A:current-user-principal/>
│      <A:principal-URL/>
│      <A:resourcetype/>
│    </A:prop>
│  </A:propfind>
│  
└─
I0302 20:39:41.652265   35924 middleware.go:46] PROPFIND /caldav/                                           401  0s  [fe80::455:dc24:e3c5:4d14%Ethernet]:61520
I0302 20:39:41.675792   35924 middleware.go:79] 
┌─ REQUEST  PROPFIND /caldav/ HTTP/1.1
│  Content-Type: text/xml
│  Depth: 0
│  Accept: */*
│  Connection: keep-alive
│  Prefer: return=minimal
│  User-Agent: iOS/26.3 (23D127) accountsd/1.0
│  Content-Length: 181
│  Accept-Encoding: gzip, deflate
│  Brief: t
│  Accept-Language: de-DE,de;q=0.9
├─ RESPONSE 401
│  Www-Authenticate: Basic realm="schedio CalDAV"
│  Content-Type: text/plain; charset=utf-8
│  X-Content-Type-Options: nosniff
├─ REQ BODY (181 bytes)
│  │  <?xml version="1.0" encoding="UTF-8"?>
│  <A:propfind xmlns:A="DAV:">
│    <A:prop>
│      <A:current-user-principal/>
│      <A:principal-URL/>
│      <A:resourcetype/>
│    </A:prop>
│  </A:propfind>
│  
├─ RSP BODY (24 bytes)
│  │  authentication required
│  
└─
I0302 20:39:41.795870   35924 middleware.go:46] PROPFIND /                                                  401  1ms  [fe80::455:dc24:e3c5:4d14%Ethernet]:61521
I0302 20:39:41.796432   35924 middleware.go:79] 
┌─ REQUEST  PROPFIND / HTTP/1.1
│  Connection: keep-alive
│  Accept-Encoding: gzip, deflate
│  Depth: 0
│  Brief: t
│  Prefer: return=minimal
│  User-Agent: iOS/26.3 (23D127) accountsd/1.0
│  Content-Length: 181
│  Accept-Language: de-DE,de;q=0.9
│  Content-Type: text/xml
│  Accept: */*
├─ RESPONSE 401
│  Www-Authenticate: Basic realm="schedio CalDAV"
│  Content-Type: text/plain; charset=utf-8
│  X-Content-Type-Options: nosniff
├─ REQ BODY (181 bytes)
│  │  <?xml version="1.0" encoding="UTF-8"?>
│  <A:propfind xmlns:A="DAV:">
│    <A:prop>
│      <A:current-user-principal/>
│      <A:principal-URL/>
│      <A:resourcetype/>
│    </A:prop>
│  </A:propfind>
│  
├─ RSP BODY (24 bytes)
│  │  authentication required
│  
└─
I0302 20:39:41.878416   35924 middleware.go:46] PROPFIND /principals/                                       401  0s  [fe80::455:dc24:e3c5:4d14%Ethernet]:61522
I0302 20:39:41.879685   35924 middleware.go:79] 
┌─ REQUEST  PROPFIND /principals/ HTTP/1.1
│  Prefer: return=minimal
│  User-Agent: iOS/26.3 (23D127) accountsd/1.0
│  Accept-Language: de-DE,de;q=0.9
│  Depth: 0
│  Connection: keep-alive
│  Content-Length: 181
│  Accept-Encoding: gzip, deflate
│  Content-Type: text/xml
│  Brief: t
│  Accept: */*
├─ RESPONSE 401
│  Www-Authenticate: Basic realm="schedio CalDAV"
│  Content-Type: text/plain; charset=utf-8
│  X-Content-Type-Options: nosniff
├─ REQ BODY (181 bytes)
│  │  <?xml version="1.0" encoding="UTF-8"?>
│  <A:propfind xmlns:A="DAV:">
│    <A:prop>
│      <A:current-user-principal/>
│      <A:principal-URL/>
│      <A:resourcetype/>
│    </A:prop>
│  </A:propfind>
│  
├─ RSP BODY (24 bytes)
│  │  authentication required
│  
└─
I0302 20:39:41.971224   35924 middleware.go:46] PROPFIND /calendar/dav/staff%40example.de/user/             301  1ms  [fe80::455:dc24:e3c5:4d14%Ethernet]:61523
I0302 20:39:41.971791   35924 middleware.go:79] 
┌─ REQUEST  PROPFIND /calendar/dav/staff%40example.de/user/ HTTP/1.1
│  Brief: t
│  Accept: */*
│  Prefer: return=minimal
│  User-Agent: iOS/26.3 (23D127) accountsd/1.0
│  Content-Length: 181
│  Accept-Encoding: gzip, deflate
│  Content-Type: text/xml
│  Depth: 0
│  Connection: keep-alive
│  Accept-Language: de-DE,de;q=0.9
├─ RESPONSE 301
│  Location: /caldav/
├─ REQ BODY (181 bytes)
│  │  <?xml version="1.0" encoding="UTF-8"?>
│  <A:propfind xmlns:A="DAV:">
│    <A:prop>
│      <A:current-user-principal/>
│      <A:principal-URL/>
│      <A:resourcetype/>
│    </A:prop>
│  </A:propfind>
│  
└─
I0302 20:39:41.978165   35924 middleware.go:46] PROPFIND /caldav/                                           401  0s  [fe80::455:dc24:e3c5:4d14%Ethernet]:61523
I0302 20:39:41.978725   35924 middleware.go:79] 
┌─ REQUEST  PROPFIND /caldav/ HTTP/1.1
│  Content-Type: text/xml
│  Depth: 0
│  Brief: t
│  Content-Length: 181
│  Accept-Language: de-DE,de;q=0.9
│  Accept-Encoding: gzip, deflate
│  Accept: */*
│  Connection: keep-alive
│  Prefer: return=minimal
│  User-Agent: iOS/26.3 (23D127) accountsd/1.0
├─ RESPONSE 401
│  Content-Type: text/plain; charset=utf-8
│  X-Content-Type-Options: nosniff
│  Www-Authenticate: Basic realm="schedio CalDAV"
├─ REQ BODY (181 bytes)
│  │  <?xml version="1.0" encoding="UTF-8"?>
│  <A:propfind xmlns:A="DAV:">
│    <A:prop>
│      <A:current-user-principal/>
│      <A:principal-URL/>
│      <A:resourcetype/>
│    </A:prop>
│  </A:propfind>
│  
├─ RSP BODY (24 bytes)
│  │  authentication required
│  
└─
I0302 20:40:04.754177   35924 middleware.go:46] PROPFIND /                                                  401  0s  [fe80::455:dc24:e3c5:4d14%Ethernet]:61524
I0302 20:40:04.755269   35924 middleware.go:79] 
┌─ REQUEST  PROPFIND / HTTP/1.1
│  Accept-Language: de-DE,de;q=0.9
│  Accept-Encoding: gzip, deflate
│  Connection: keep-alive
│  Prefer: return=minimal
│  User-Agent: iOS/26.3 (23D127) remindd/3900.1
│  Content-Type: text/xml
│  Depth: 0
│  Brief: t
│  Accept: */*
│  Content-Length: 819
├─ RESPONSE 401
│  Www-Authenticate: Basic realm="schedio CalDAV"
│  Content-Type: text/plain; charset=utf-8
│  X-Content-Type-Options: nosniff
├─ REQ BODY (819 bytes)
│  │  <?xml version="1.0" encoding="UTF-8"?>
│  <A:propfind xmlns:A="DAV:">
│    <A:prop>
│      <B:calendar-home-set xmlns:B="urn:ietf:params:xml:ns:caldav"/>
│      <B:calendar-user-address-set xmlns:B="urn:ietf:params:xml:ns:caldav"/>
│      <A:current-user-principal/>
│      <A:displayname/>
│      <C:dropbox-home-URL xmlns:C="http://calendarserver.org/ns/"/>
│      <C:email-address-set xmlns:C="http://calendarserver.org/ns/"/>
│      <B:max-attendees-per-instance xmlns:B="urn:ietf:params:xml:ns:caldav"/>
│      <C:notification-URL xmlns:C="http://calendarserver.org/ns/"/>
│      <A:principal-collection-set/>
│      <A:principal-URL/>
│      <A:resource-id/>
│      <B:schedule-inbox-URL xmlns:B="urn:ietf:params:xml:ns:caldav"/>
│      <B:schedule-outbox-URL xmlns:B="urn:ietf:params:xml:ns:caldav"/>
│      <A:supported-report-set/>
│    </A:prop>
│  </A:propfind>
│  
├─ RSP BODY (24 bytes)
│  │  authentication required
│  
└─
I0302 20:40:06.618940   35924 middleware.go:46] PROPFIND /                                                  401  2ms  [fe80::455:dc24:e3c5:4d14%Ethernet]:61525
I0302 20:40:06.619487   35924 middleware.go:79] 
┌─ REQUEST  PROPFIND / HTTP/1.1
│  User-Agent: iOS/26.3 (23D127) dataaccessd/1.0
│  Content-Length: 819
│  Accept-Encoding: gzip, deflate
│  Content-Type: text/xml
│  Brief: t
│  Connection: keep-alive
│  Prefer: return=minimal
│  Accept-Language: de-DE,de;q=0.9
│  Depth: 0
│  Accept: */*
├─ RESPONSE 401
│  Www-Authenticate: Basic realm="schedio CalDAV"
│  Content-Type: text/plain; charset=utf-8
│  X-Content-Type-Options: nosniff
├─ REQ BODY (819 bytes)
│  │  <?xml version="1.0" encoding="UTF-8"?>
│  <A:propfind xmlns:A="DAV:">
│    <A:prop>
│      <B:calendar-home-set xmlns:B="urn:ietf:params:xml:ns:caldav"/>
│      <B:calendar-user-address-set xmlns:B="urn:ietf:params:xml:ns:caldav"/>
│      <A:current-user-principal/>
│      <A:displayname/>
│      <C:dropbox-home-URL xmlns:C="http://calendarserver.org/ns/"/>
│      <C:email-address-set xmlns:C="http://calendarserver.org/ns/"/>
│      <B:max-attendees-per-instance xmlns:B="urn:ietf:params:xml:ns:caldav"/>
│      <C:notification-URL xmlns:C="http://calendarserver.org/ns/"/>
│      <A:principal-collection-set/>
│      <A:principal-URL/>
│      <A:resource-id/>
│      <B:schedule-inbox-URL xmlns:B="urn:ietf:params:xml:ns:caldav"/>
│      <B:schedule-outbox-URL xmlns:B="urn:ietf:params:xml:ns:caldav"/>
│      <A:supported-report-set/>
│    </A:prop>
│  </A:propfind>
│  
├─ RSP BODY (24 bytes)
│  │  authentication required
│  
└─
I0302 20:40:06.934317   35924 middleware.go:46] PROPFIND /.well-known/caldav                                301  0s  [fe80::455:dc24:e3c5:4d14%Ethernet]:61526
I0302 20:40:06.935443   35924 middleware.go:79] 
┌─ REQUEST  PROPFIND /.well-known/caldav HTTP/1.1
│  Depth: 0
│  Brief: t
│  Content-Length: 181
│  Accept-Encoding: gzip, deflate
│  Accept: */*
│  Connection: keep-alive
│  Prefer: return=minimal
│  User-Agent: iOS/26.3 (23D127) dataaccessd/1.0
│  Accept-Language: de-DE,de;q=0.9
│  Content-Type: text/xml
├─ RESPONSE 301
│  Location: /caldav/
├─ REQ BODY (181 bytes)
│  │  <?xml version="1.0" encoding="UTF-8"?>
│  <A:propfind xmlns:A="DAV:">
│    <A:prop>
│      <A:current-user-principal/>
│      <A:principal-URL/>
│      <A:resourcetype/>
│    </A:prop>
│  </A:propfind>
│  
└─
I0302 20:40:06.940235   35924 middleware.go:46] PROPFIND /caldav/                                           401  0s  [fe80::455:dc24:e3c5:4d14%Ethernet]:61526
I0302 20:40:06.972740   35924 middleware.go:79] 
┌─ REQUEST  PROPFIND /caldav/ HTTP/1.1
│  Content-Type: text/xml
│  Brief: t
│  User-Agent: iOS/26.3 (23D127) dataaccessd/1.0
│  Content-Length: 181
│  Accept-Language: de-DE,de;q=0.9
│  Depth: 0
│  Accept: */*
│  Connection: keep-alive
│  Prefer: return=minimal
│  Accept-Encoding: gzip, deflate
├─ RESPONSE 401
│  Content-Type: text/plain; charset=utf-8
│  X-Content-Type-Options: nosniff
│  Www-Authenticate: Basic realm="schedio CalDAV"
├─ REQ BODY (181 bytes)
│  │  <?xml version="1.0" encoding="UTF-8"?>
│  <A:propfind xmlns:A="DAV:">
│    <A:prop>
│      <A:current-user-principal/>
│      <A:principal-URL/>
│      <A:resourcetype/>
│    </A:prop>
│  </A:propfind>
│  
├─ RSP BODY (24 bytes)
│  │  authentication required
│  
└─
I0302 20:40:07.067513   35924 middleware.go:46] PROPFIND /                                                  401  0s  [fe80::455:dc24:e3c5:4d14%Ethernet]:61527
I0302 20:40:07.068252   35924 middleware.go:79] 
┌─ REQUEST  PROPFIND / HTTP/1.1
│  Connection: keep-alive
│  Content-Length: 181
│  Accept-Language: de-DE,de;q=0.9
│  Content-Type: text/xml
│  Depth: 0
│  Brief: t
│  Prefer: return=minimal
│  User-Agent: iOS/26.3 (23D127) dataaccessd/1.0
│  Accept-Encoding: gzip, deflate
│  Accept: */*
├─ RESPONSE 401
│  Www-Authenticate: Basic realm="schedio CalDAV"
│  Content-Type: text/plain; charset=utf-8
│  X-Content-Type-Options: nosniff
├─ REQ BODY (181 bytes)
│  │  <?xml version="1.0" encoding="UTF-8"?>
│  <A:propfind xmlns:A="DAV:">
│    <A:prop>
│      <A:current-user-principal/>
│      <A:principal-URL/>
│      <A:resourcetype/>
│    </A:prop>
│  </A:propfind>
│  
├─ RSP BODY (24 bytes)
│  │  authentication required
│  
└─
I0302 20:40:07.164042   35924 middleware.go:46] PROPFIND /principals/                                       401  1ms  [fe80::455:dc24:e3c5:4d14%Ethernet]:61528
I0302 20:40:07.165083   35924 middleware.go:79] 
┌─ REQUEST  PROPFIND /principals/ HTTP/1.1
│  Content-Length: 181
│  Accept-Language: de-DE,de;q=0.9
│  Accept-Encoding: gzip, deflate
│  Depth: 0
│  Accept: */*
│  Connection: keep-alive
│  Prefer: return=minimal
│  Content-Type: text/xml
│  Brief: t
│  User-Agent: iOS/26.3 (23D127) dataaccessd/1.0
├─ RESPONSE 401
│  Www-Authenticate: Basic realm="schedio CalDAV"
│  Content-Type: text/plain; charset=utf-8
│  X-Content-Type-Options: nosniff
├─ REQ BODY (181 bytes)
│  │  <?xml version="1.0" encoding="UTF-8"?>
│  <A:propfind xmlns:A="DAV:">
│    <A:prop>
│      <A:current-user-principal/>
│      <A:principal-URL/>
│      <A:resourcetype/>
│    </A:prop>
│  </A:propfind>
│  
├─ RSP BODY (24 bytes)
│  │  authentication required
│  
└─
I0302 20:40:07.259165   35924 middleware.go:46] PROPFIND /calendar/dav/staff%40example.de/user/             301  1ms  [fe80::455:dc24:e3c5:4d14%Ethernet]:61529
I0302 20:40:07.259722   35924 middleware.go:79] 
┌─ REQUEST  PROPFIND /calendar/dav/staff%40example.de/user/ HTTP/1.1
│  Accept-Language: de-DE,de;q=0.9
│  Accept-Encoding: gzip, deflate
│  Content-Type: text/xml
│  Depth: 0
│  Accept: */*
│  Content-Length: 181
│  Brief: t
│  Connection: keep-alive
│  Prefer: return=minimal
│  User-Agent: iOS/26.3 (23D127) dataaccessd/1.0
├─ RESPONSE 301
│  Location: /caldav/
├─ REQ BODY (181 bytes)
│  │  <?xml version="1.0" encoding="UTF-8"?>
│  <A:propfind xmlns:A="DAV:">
│    <A:prop>
│      <A:current-user-principal/>
│      <A:principal-URL/>
│      <A:resourcetype/>
│    </A:prop>
│  </A:propfind>
│  
└─
I0302 20:40:07.267449   35924 middleware.go:46] PROPFIND /caldav/                                           401  0s  [fe80::455:dc24:e3c5:4d14%Ethernet]:61529
I0302 20:40:07.298014   35924 middleware.go:79] 
┌─ REQUEST  PROPFIND /caldav/ HTTP/1.1
│  Accept-Encoding: gzip, deflate
│  Depth: 0
│  Brief: t
│  Accept: */*
│  Connection: keep-alive
│  Content-Type: text/xml
│  Prefer: return=minimal
│  User-Agent: iOS/26.3 (23D127) dataaccessd/1.0
│  Content-Length: 181
│  Accept-Language: de-DE,de;q=0.9
├─ RESPONSE 401
│  Www-Authenticate: Basic realm="schedio CalDAV"
│  Content-Type: text/plain; charset=utf-8
│  X-Content-Type-Options: nosniff
├─ REQ BODY (181 bytes)
│  │  <?xml version="1.0" encoding="UTF-8"?>
│  <A:propfind xmlns:A="DAV:">
│    <A:prop>
│      <A:current-user-principal/>
│      <A:principal-URL/>
│      <A:resourcetype/>
│    </A:prop>
│  </A:propfind>
│  
├─ RSP BODY (24 bytes)
│  │  authentication required
│  
└─
I0302 20:40:10.320103   35924 middleware.go:46] PROPFIND /.well-known/caldav                                301  0s  [fe80::455:dc24:e3c5:4d14%Ethernet]:61530
I0302 20:40:10.320705   35924 middleware.go:79] 
┌─ REQUEST  PROPFIND /.well-known/caldav HTTP/1.1
│  User-Agent: iOS/26.3 (23D127) remindd/3900.1
│  Content-Length: 181
│  Content-Type: text/xml
│  Depth: 0
│  Accept: */*
│  Prefer: return=minimal
│  Accept-Language: de-DE,de;q=0.9
│  Accept-Encoding: gzip, deflate
│  Brief: t
│  Connection: keep-alive
├─ RESPONSE 301
│  Location: /caldav/
├─ REQ BODY (181 bytes)
│  │  <?xml version="1.0" encoding="UTF-8"?>
│  <A:propfind xmlns:A="DAV:">
│    <A:prop>
│      <A:current-user-principal/>
│      <A:principal-URL/>
│      <A:resourcetype/>
│    </A:prop>
│  </A:propfind>
│  
└─
I0302 20:40:10.327324   35924 middleware.go:46] PROPFIND /caldav/                                           401  0s  [fe80::455:dc24:e3c5:4d14%Ethernet]:61530
I0302 20:40:10.337119   35924 middleware.go:79] 
┌─ REQUEST  PROPFIND /caldav/ HTTP/1.1
│  Content-Length: 181
│  Accept-Encoding: gzip, deflate
│  Content-Type: text/xml
│  Depth: 0
│  Brief: t
│  Accept-Language: de-DE,de;q=0.9
│  Accept: */*
│  Connection: keep-alive
│  Prefer: return=minimal
│  User-Agent: iOS/26.3 (23D127) remindd/3900.1
├─ RESPONSE 401
│  Content-Type: text/plain; charset=utf-8
│  X-Content-Type-Options: nosniff
│  Www-Authenticate: Basic realm="schedio CalDAV"
├─ REQ BODY (181 bytes)
│  │  <?xml version="1.0" encoding="UTF-8"?>
│  <A:propfind xmlns:A="DAV:">
│    <A:prop>
│      <A:current-user-principal/>
│      <A:principal-URL/>
│      <A:resourcetype/>
│    </A:prop>
│  </A:propfind>
│  
├─ RSP BODY (24 bytes)
│  │  authentication required
│  
└─
I0302 20:40:10.476163   35924 middleware.go:46] PROPFIND /                                                  401  1ms  [fe80::455:dc24:e3c5:4d14%Ethernet]:61531
I0302 20:40:10.477924   35924 middleware.go:79] 
┌─ REQUEST  PROPFIND / HTTP/1.1
│  Depth: 0
│  Accept: */*
│  Connection: keep-alive
│  Prefer: return=minimal
│  Accept-Language: de-DE,de;q=0.9
│  Accept-Encoding: gzip, deflate
│  Brief: t
│  User-Agent: iOS/26.3 (23D127) remindd/3900.1
│  Content-Length: 181
│  Content-Type: text/xml
├─ RESPONSE 401
│  Www-Authenticate: Basic realm="schedio CalDAV"
│  Content-Type: text/plain; charset=utf-8
│  X-Content-Type-Options: nosniff
├─ REQ BODY (181 bytes)
│  │  <?xml version="1.0" encoding="UTF-8"?>
│  <A:propfind xmlns:A="DAV:">
│    <A:prop>
│      <A:current-user-principal/>
│      <A:principal-URL/>
│      <A:resourcetype/>
│    </A:prop>
│  </A:propfind>
│  
├─ RSP BODY (24 bytes)
│  │  authentication required
│  
└─
I0302 20:40:10.590568   35924 middleware.go:46] PROPFIND /principals/                                       401  1ms  [fe80::455:dc24:e3c5:4d14%Ethernet]:61532
I0302 20:40:10.591170   35924 middleware.go:79] 
┌─ REQUEST  PROPFIND /principals/ HTTP/1.1
│  Content-Type: text/xml
│  Brief: t
│  Prefer: return=minimal
│  User-Agent: iOS/26.3 (23D127) remindd/3900.1
│  Content-Length: 181
│  Depth: 0
│  Accept: */*
│  Connection: keep-alive
│  Accept-Language: de-DE,de;q=0.9
│  Accept-Encoding: gzip, deflate
├─ RESPONSE 401
│  Www-Authenticate: Basic realm="schedio CalDAV"
│  Content-Type: text/plain; charset=utf-8
│  X-Content-Type-Options: nosniff
├─ REQ BODY (181 bytes)
│  │  <?xml version="1.0" encoding="UTF-8"?>
│  <A:propfind xmlns:A="DAV:">
│    <A:prop>
│      <A:current-user-principal/>
│      <A:principal-URL/>
│      <A:resourcetype/>
│    </A:prop>
│  </A:propfind>
│  
├─ RSP BODY (24 bytes)
│  │  authentication required
│  
└─
I0302 20:40:10.688543   35924 middleware.go:46] PROPFIND /calendar/dav/staff%40example.de/user/             301  0s  [fe80::455:dc24:e3c5:4d14%Ethernet]:61533
I0302 20:40:10.689101   35924 middleware.go:79] 
┌─ REQUEST  PROPFIND /calendar/dav/staff%40example.de/user/ HTTP/1.1
│  Brief: t
│  Accept: */*
│  User-Agent: iOS/26.3 (23D127) remindd/3900.1
│  Accept-Language: de-DE,de;q=0.9
│  Accept-Encoding: gzip, deflate
│  Content-Type: text/xml
│  Depth: 0
│  Connection: keep-alive
│  Prefer: return=minimal
│  Content-Length: 181
├─ RESPONSE 301
│  Location: /caldav/
├─ REQ BODY (181 bytes)
│  │  <?xml version="1.0" encoding="UTF-8"?>
│  <A:propfind xmlns:A="DAV:">
│    <A:prop>
│      <A:current-user-principal/>
│      <A:principal-URL/>
│      <A:resourcetype/>
│    </A:prop>
│  </A:propfind>
│  
└─
I0302 20:40:10.697629   35924 middleware.go:46] PROPFIND /caldav/                                           401  1ms  [fe80::455:dc24:e3c5:4d14%Ethernet]:61533
I0302 20:40:10.703981   35924 middleware.go:79] 
┌─ REQUEST  PROPFIND /caldav/ HTTP/1.1
│  Content-Type: text/xml
│  Depth: 0
│  Brief: t
│  Accept: */*
│  Prefer: return=minimal
│  User-Agent: iOS/26.3 (23D127) remindd/3900.1
│  Accept-Encoding: gzip, deflate
│  Connection: keep-alive
│  Content-Length: 181
│  Accept-Language: de-DE,de;q=0.9
├─ RESPONSE 401
│  Www-Authenticate: Basic realm="schedio CalDAV"
│  Content-Type: text/plain; charset=utf-8
│  X-Content-Type-Options: nosniff
├─ REQ BODY (181 bytes)
│  │  <?xml version="1.0" encoding="UTF-8"?>
│  <A:propfind xmlns:A="DAV:">
│    <A:prop>
│      <A:current-user-principal/>
│      <A:principal-URL/>
│      <A:resourcetype/>
│    </A:prop>
│  </A:propfind>
│  
├─ RSP BODY (24 bytes)
│  │  authentication required
│  
└─
I0302 20:43:29.312980   35924 middleware.go:46] PROPFIND /.well-known/caldav                                301  0s  [fe80::455:dc24:e3c5:4d14%Ethernet]:61534
I0302 20:43:29.313539   35924 middleware.go:79] 
┌─ REQUEST  PROPFIND /.well-known/caldav HTTP/1.1
│  Depth: 0
│  Brief: t
│  Connection: keep-alive
│  Accept-Encoding: gzip, deflate
│  Content-Type: text/xml
│  Accept: */*
│  Prefer: return=minimal
│  User-Agent: iOS/26.3 (23D127) remindd/3900.1
│  Content-Length: 181
│  Accept-Language: de-DE,de;q=0.9
├─ RESPONSE 301
│  Location: /caldav/
├─ REQ BODY (181 bytes)
│  │  <?xml version="1.0" encoding="UTF-8"?>
│  <A:propfind xmlns:A="DAV:">
│    <A:prop>
│      <A:current-user-principal/>
│      <A:principal-URL/>
│      <A:resourcetype/>
│    </A:prop>
│  </A:propfind>
│  
└─
I0302 20:43:29.318998   35924 middleware.go:46] PROPFIND /caldav/                                           401  0s  [fe80::455:dc24:e3c5:4d14%Ethernet]:61534
I0302 20:43:29.344066   35924 middleware.go:79] 
┌─ REQUEST  PROPFIND /caldav/ HTTP/1.1
│  Content-Type: text/xml
│  Accept: */*
│  User-Agent: iOS/26.3 (23D127) remindd/3900.1
│  Accept-Language: de-DE,de;q=0.9
│  Accept-Encoding: gzip, deflate
│  Depth: 0
│  Brief: t
│  Connection: keep-alive
│  Prefer: return=minimal
│  Content-Length: 181
├─ RESPONSE 401
│  Www-Authenticate: Basic realm="schedio CalDAV"
│  Content-Type: text/plain; charset=utf-8
│  X-Content-Type-Options: nosniff
├─ REQ BODY (181 bytes)
│  │  <?xml version="1.0" encoding="UTF-8"?>
│  <A:propfind xmlns:A="DAV:">
│    <A:prop>
│      <A:current-user-principal/>
│      <A:principal-URL/>
│      <A:resourcetype/>
│    </A:prop>
│  </A:propfind>
│  
├─ RSP BODY (24 bytes)
│  │  authentication required
│  
└─
I0302 20:43:29.439013   35924 middleware.go:46] PROPFIND /                                                  401  0s  [fe80::455:dc24:e3c5:4d14%Ethernet]:61535
I0302 20:43:29.439573   35924 middleware.go:79] 
┌─ REQUEST  PROPFIND / HTTP/1.1
│  Accept-Language: de-DE,de;q=0.9
│  Accept: */*
│  User-Agent: iOS/26.3 (23D127) remindd/3900.1
│  Accept-Encoding: gzip, deflate
│  Content-Type: text/xml
│  Depth: 0
│  Brief: t
│  Connection: keep-alive
│  Prefer: return=minimal
│  Content-Length: 181
├─ RESPONSE 401
│  Content-Type: text/plain; charset=utf-8
│  X-Content-Type-Options: nosniff
│  Www-Authenticate: Basic realm="schedio CalDAV"
├─ REQ BODY (181 bytes)
│  │  <?xml version="1.0" encoding="UTF-8"?>
│  <A:propfind xmlns:A="DAV:">
│    <A:prop>
│      <A:current-user-principal/>
│      <A:principal-URL/>
│      <A:resourcetype/>
│    </A:prop>
│  </A:propfind>
│  
├─ RSP BODY (24 bytes)
│  │  authentication required
│  
└─
I0302 20:43:29.513041   35924 middleware.go:46] PROPFIND /principals/                                       401  0s  [fe80::455:dc24:e3c5:4d14%Ethernet]:61536
I0302 20:43:29.513358   35924 middleware.go:79] 
┌─ REQUEST  PROPFIND /principals/ HTTP/1.1
│  Depth: 0
│  Connection: keep-alive
│  Prefer: return=minimal
│  Accept-Language: de-DE,de;q=0.9
│  Content-Type: text/xml
│  Brief: t
│  Accept: */*
│  User-Agent: iOS/26.3 (23D127) remindd/3900.1
│  Content-Length: 181
│  Accept-Encoding: gzip, deflate
├─ RESPONSE 401
│  Content-Type: text/plain; charset=utf-8
│  X-Content-Type-Options: nosniff
│  Www-Authenticate: Basic realm="schedio CalDAV"
├─ REQ BODY (181 bytes)
│  │  <?xml version="1.0" encoding="UTF-8"?>
│  <A:propfind xmlns:A="DAV:">
│    <A:prop>
│      <A:current-user-principal/>
│      <A:principal-URL/>
│      <A:resourcetype/>
│    </A:prop>
│  </A:propfind>
│  
├─ RSP BODY (24 bytes)
│  │  authentication required
│  
└─
I0302 20:43:29.592858   35924 middleware.go:46] PROPFIND /calendar/dav/staff%40example.de/user/             301  0s  [fe80::455:dc24:e3c5:4d14%Ethernet]:61537
I0302 20:43:29.593408   35924 middleware.go:79] 
┌─ REQUEST  PROPFIND /calendar/dav/staff%40example.de/user/ HTTP/1.1
│  Accept-Encoding: gzip, deflate
│  Brief: t
│  Accept: */*
│  Prefer: return=minimal
│  Content-Length: 181
│  Content-Type: text/xml
│  Depth: 0
│  Connection: keep-alive
│  User-Agent: iOS/26.3 (23D127) remindd/3900.1
│  Accept-Language: de-DE,de;q=0.9
├─ RESPONSE 301
│  Location: /caldav/
├─ REQ BODY (181 bytes)
│  │  <?xml version="1.0" encoding="UTF-8"?>
│  <A:propfind xmlns:A="DAV:">
│    <A:prop>
│      <A:current-user-principal/>
│      <A:principal-URL/>
│      <A:resourcetype/>
│    </A:prop>
│  </A:propfind>
│  
└─
I0302 20:43:29.597707   35924 middleware.go:46] PROPFIND /caldav/                                           401  0s  [fe80::455:dc24:e3c5:4d14%Ethernet]:61537
I0302 20:43:29.598252   35924 middleware.go:79] 
┌─ REQUEST  PROPFIND /caldav/ HTTP/1.1
│  Depth: 0
│  Accept: */*
│  Connection: keep-alive
│  User-Agent: iOS/26.3 (23D127) remindd/3900.1
│  Content-Length: 181
│  Accept-Encoding: gzip, deflate
│  Content-Type: text/xml
│  Brief: t
│  Prefer: return=minimal
│  Accept-Language: de-DE,de;q=0.9
├─ RESPONSE 401
│  Www-Authenticate: Basic realm="schedio CalDAV"
│  Content-Type: text/plain; charset=utf-8
│  X-Content-Type-Options: nosniff
├─ REQ BODY (181 bytes)
│  │  <?xml version="1.0" encoding="UTF-8"?>
│  <A:propfind xmlns:A="DAV:">
│    <A:prop>
│      <A:current-user-principal/>
│      <A:principal-URL/>
│      <A:resourcetype/>
│    </A:prop>
│  </A:propfind>
│  
├─ RSP BODY (24 bytes)
│  │  authentication required
│  
└─
I0302 20:53:37.786208   35924 main.go:86] schedio stopped
